
================================================================
  INÍCIO: 09/06/2026 08:44:46
================================================================
[08:44:46] PASSO 1/3 — Leitor BMD
[08:44:46]   Lê PDFs de medição e gera materiais_por_projeto.xlsx
[08:44:46]   ❌ Script não encontrado: C:\Users\user\Desktop\PDF AUTOMATICO\HAGAP_WEB\leitor_bmd.py

================================================================
  INÍCIO: 09/06/2026 08:45:08
================================================================
[08:45:08] PASSO 1/3 — Leitor BMD
[08:45:08]   Lê PDFs de medição e gera materiais_por_projeto.xlsx
[08:45:08]   ❌ Script não encontrado: C:\Users\user\Desktop\PDF AUTOMATICO\HAGAP_WEB\leitor_bmd.py

================================================================
  INÍCIO: 09/06/2026 08:45:11
================================================================
[08:45:11] PASSO 1/3 — Leitor BMD
[08:45:11]   Lê PDFs de medição e gera materiais_por_projeto.xlsx
[08:45:11]   ❌ Script não encontrado: C:\Users\user\Desktop\PDF AUTOMATICO\HAGAP_WEB\leitor_bmd.py
[08:45:15] PASSO 2/3 — Extrair BMD
[08:45:15]   Extrai rateios/datas e gera medicoes.xlsx + analise_financeira.xlsx
[08:45:15]   ▶ Executando: extrair_bmd.py

================================================================
  INÍCIO: 09/06/2026 08:45:21
================================================================
[08:45:21] PASSO 1/3 — Leitor BMD
[08:45:21]   Lê PDFs de medição e gera materiais_por_projeto.xlsx
[08:45:21]   ❌ Script não encontrado: C:\Users\user\Desktop\PDF AUTOMATICO\HAGAP_WEB\leitor_bmd.py

================================================================
  INÍCIO: 09/06/2026 08:45:38
================================================================
[08:45:38] PASSO 1/3 — Leitor BMD
[08:45:38]   Lê PDFs de medição e gera materiais_por_projeto.xlsx
[08:45:38]   ▶ Executando: leitor_bmd.py

================================================================
  INÍCIO: 09/06/2026 09:47:25
================================================================
[09:47:25] PASSO 1/3 — Leitor BMD
[09:47:25]   Lê PDFs de medição e gera materiais_por_projeto.xlsx
[09:47:25]   ▶ Executando: leitor_bmd.py
[09:47:58]   ✅ Concluído em 33.1s
[09:47:58] PASSO 2/3 — Extrair BMD
[09:47:58]   Extrai rateios/datas e gera medicoes.xlsx + analise_financeira.xlsx
[09:47:58]   ▶ Executando: extrair_bmd.py
[09:48:28]   ✅ Concluído em 30.5s
[09:48:28] PASSO 3/3 — Gerador + Sync Render
[09:48:28]   Gera db.json + resultado.xlsx e sincroniza com o Render
[09:48:28]   ▶ Executando: gerador.py
[10:09:24]   ✅ Concluído em 1255.9s
[10:09:24]   RESUMO FINAL
[10:09:24]   Passo 1 — Leitor BMD                     ✅ OK     
[10:09:24]   Passo 2 — Extrair BMD                    ✅ OK     
[10:09:24]   Passo 3 — Gerador + Sync Render          ✅ OK     
[10:09:24]   Tempo total: 1319.5s
[10:09:24]   🎉 Tudo atualizado com sucesso!

================================================================
  INÍCIO: 11/06/2026 14:49:44
================================================================
[14:49:44] PASSO 1/3 — Leitor BMD
[14:49:44]   Lê PDFs de medição e gera materiais_por_projeto.xlsx
[14:49:44]   ▶ Executando: leitor_bmd.py
[14:50:29]   ✅ Concluído em 44.2s
[14:50:29] PASSO 2/3 — Extrair BMD
[14:50:29]   Extrai rateios/datas e gera medicoes.xlsx + analise_financeira.xlsx
[14:50:29]   ▶ Executando: extrair_bmd.py
[14:51:06]   ✅ Concluído em 37.7s
[14:51:06] PASSO 3/3 — Gerador + Sync Render
[14:51:06]   Gera db.json + resultado.xlsx e sincroniza com o Render
[14:51:06]   ▶ Executando: gerador.py
[15:12:03]   ✅ Concluído em 1256.5s
[15:12:03]   RESUMO FINAL
[15:12:03]   Passo 1 — Leitor BMD                     ✅ OK     
[15:12:03]   Passo 2 — Extrair BMD                    ✅ OK     
[15:12:03]   Passo 3 — Gerador + Sync Render          ✅ OK     
[15:12:03]   Tempo total: 1338.5s
[15:12:03]   🎉 Tudo atualizado com sucesso!
